#-----------------------------------------------------------
# Vivado v2024.1 (64-bit)
# SW Build 5076996 on Wed May 22 18:36:09 MDT 2024
# IP Build 5075265 on Wed May 22 21:45:21 MDT 2024
# SharedData Build 5076995 on Wed May 22 18:29:18 MDT 2024
# Start of session at: Wed Oct 16 18:34:08 2024
# Process ID: 357129
# Current directory: /home/madsr2d2/DTU/dds/as2/02203_A2_code/serial_interface
# Command line: vivado
# Log file: /home/madsr2d2/DTU/dds/as2/02203_A2_code/serial_interface/vivado.log
# Journal file: /home/madsr2d2/DTU/dds/as2/02203_A2_code/serial_interface/vivado.jou
# Running On        :madsr2d2
# Platform          :Ubuntu
# Operating System  :Ubuntu 22.04.5 LTS
# Processor Detail  :13th Gen Intel(R) Core(TM) i7-1360P
# CPU Frequency     :694.599 MHz
# CPU Physical cores:12
# CPU Logical cores :16
# Host memory       :33254 MB
# Swap memory       :2147 MB
# Total Virtual     :35401 MB
# Available Virtual :32552 MB
#-----------------------------------------------------------
start_gui
open_project /home/madsr2d2/DTU/dds/as2/as2_task_0/as2_task_0.xpr
update_compile_order -fileset sources_1
