#-----------------------------------------------------------
# Vivado v2024.1 (64-bit)
# SW Build 5076996 on Wed May 22 18:36:09 MDT 2024
# IP Build 5075265 on Wed May 22 21:45:21 MDT 2024
# SharedData Build 5076995 on Wed May 22 18:29:18 MDT 2024
# Start of session at: Tue Oct 22 23:31:53 2024
# Process ID: 1367518
# Current directory: /home/madsr2d2/DTU/dds/as2/axi_bram_ctrl_0_ex/axi_bram_ctrl_0_ex.runs/axi_bram_ctrl_0_synth_1
# Command line: vivado -log axi_bram_ctrl_0.vds -product Vivado -mode batch -messageDb vivado.pb -notrace -source axi_bram_ctrl_0.tcl
# Log file: /home/madsr2d2/DTU/dds/as2/axi_bram_ctrl_0_ex/axi_bram_ctrl_0_ex.runs/axi_bram_ctrl_0_synth_1/axi_bram_ctrl_0.vds
# Journal file: /home/madsr2d2/DTU/dds/as2/axi_bram_ctrl_0_ex/axi_bram_ctrl_0_ex.runs/axi_bram_ctrl_0_synth_1/vivado.jou
# Running On        :madsr2d2
# Platform          :Ubuntu
# Operating System  :Ubuntu 22.04.5 LTS
# Processor Detail  :13th Gen Intel(R) Core(TM) i7-1360P
# CPU Frequency     :4555.162 MHz
# CPU Physical cores:12
# CPU Logical cores :16
# Host memory       :33245 MB
# Swap memory       :2147 MB
# Total Virtual     :35393 MB
# Available Virtual :27035 MB
#-----------------------------------------------------------
source axi_bram_ctrl_0.tcl -notrace
