#-----------------------------------------------------------
# Vivado v2024.1 (64-bit)
# SW Build 5076996 on Wed May 22 18:36:09 MDT 2024
# IP Build 5075265 on Wed May 22 21:45:21 MDT 2024
# SharedData Build 5076995 on Wed May 22 18:29:18 MDT 2024
# Start of session at: Fri Sep 27 11:06:29 2024
# Process ID: 1105334
# Current directory: /home/madsr2d2/DTU/dds/as1/task_2/task_2.runs/impl_1
# Command line: vivado -log gcd_top.vdi -applog -product Vivado -messageDb vivado.pb -mode batch -source gcd_top.tcl -notrace
# Log file: /home/madsr2d2/DTU/dds/as1/task_2/task_2.runs/impl_1/gcd_top.vdi
# Journal file: /home/madsr2d2/DTU/dds/as1/task_2/task_2.runs/impl_1/vivado.jou
# Running On        :madsr2d2
# Platform          :Ubuntu
# Operating System  :Ubuntu 22.04.5 LTS
# Processor Detail  :13th Gen Intel(R) Core(TM) i7-1360P
# CPU Frequency     :4908.580 MHz
# CPU Physical cores:12
# CPU Logical cores :16
# Host memory       :33254 MB
# Swap memory       :2147 MB
# Total Virtual     :35401 MB
# Available Virtual :27520 MB
#-----------------------------------------------------------
source gcd_top.tcl -notrace
